---
source: src/parser.rs
expression: params()
---
[
    "memused",
    "memused_max",
    "lnet_memused",
    "health_check",
    "mdt.*.exports.*.uuid",
    "osd-*.*.filesfree",
    "osd-*.*.filestotal",
    "osd-*.*.fstype",
    "osd-*.*.kbytesavail",
    "osd-*.*.kbytesfree",
    "osd-*.*.kbytestotal",
    "osd-*.*.brw_stats",
    "osd-*.*.quota_slave.acct_group",
    "osd-*.*.quota_slave.acct_user",
    "osd-*.*.quota_slave.acct_project",
    "mdt.*.exports.*.uuid",
    "mgs.*.mgs.stats",
    "mgs.*.mgs.threads_max",
    "mgs.*.mgs.threads_min",
    "mgs.*.mgs.threads_started",
    "mgs.*.num_exports",
    "obdfilter.*OST*.job_stats",
    "obdfilter.*OST*.stats",
    "obdfilter.*OST*.num_exports",
    "obdfilter.*OST*.tot_dirty",
    "obdfilter.*OST*.tot_granted",
    "obdfilter.*OST*.tot_pending",
    "ost.OSS.ost.stats",
    "ost.OSS.ost_io.stats",
    "ost.OSS.ost_create.stats",
    "ost.OSS.ost_out.stats",
    "ost.OSS.ost_seq.stats",
    "mdt.*.job_stats",
    "mdt.*.md_stats",
    "mdt.*MDT*.num_exports",
    "qmt.*.*.glb-usr",
    "qmt.*.*.glb-prj",
    "qmt.*.*.glb-grp",
    "ldlm.namespaces.{mdt-,filter-}*.contended_locks",
    "ldlm.namespaces.{mdt-,filter-}*.contention_seconds",
    "ldlm.namespaces.{mdt-,filter-}*.ctime_age_limit",
    "ldlm.namespaces.{mdt-,filter-}*.early_lock_cancel",
    "ldlm.namespaces.{mdt-,filter-}*.lock_count",
    "ldlm.namespaces.{mdt-,filter-}*.lock_timeouts",
    "ldlm.namespaces.{mdt-,filter-}*.lock_unused_count",
    "ldlm.namespaces.{mdt-,filter-}*.lru_max_age",
    "ldlm.namespaces.{mdt-,filter-}*.lru_size",
    "ldlm.namespaces.{mdt-,filter-}*.max_nolock_bytes",
    "ldlm.namespaces.{mdt-,filter-}*.max_parallel_ast",
    "ldlm.namespaces.{mdt-,filter-}*.resource_count",
    "ldlm.services.ldlm_canceld.stats",
    "ldlm.services.ldlm_cbd.stats",
]
